// Vitest Snapshot v1, https://vitest.dev/guide/snapshot.html

exports[`streamText > basic 1`] = `
"<think>
Okay, so the user is asking, "Why is the sky blue?" I need to explain why the sky appears blue. I remember from my studies that it's part of the atmosphere, right? So I should start by mentioning the Earth's atmosphere. The atmosphere has water vapor, which makes the sky appear blue. Also, different colors in the air play a role, like Rayleigh scattering. Wait, but I should make sure I explain why Rayleigh scattering causes the blue light to be scattered more than other colors. That's right. Rayleigh scattering is a phenomenon where incoming sunlight is scattered into the blue spectrum because the molecules in the air are smaller and more numerous. So the blue part comes from this scattering. I should also mention that there's some nitrogen and oxygen contributing too, but those are more of the gas particles, and Rayleigh scattering dominates in the atmosphere. Make sure the explanation is clear and doesn't get too technical. Let me check if I missed anything. Oh, and maybe add some historical context, like how the blue sky was a natural wonder. Alright, that should cover the topic.
</think>

The sky appears blue because of **Rayleigh scattering** in the Earth's atmosphere. Here's how it works:  

When sunlight hits the Earth's atmosphere, the water vapor, nitrogen, and oxygen molecules in the air act like tiny particles. Light, particularly **violet and blue wavelengths**, is scattered more efficiently by these particles than by red or yellow wavelengths. This scattering causes the scattered light to blend into the blue color, making the sky appear blue.  

Other components of the atmosphere, like nitrogen and oxygen, also contribute slightly, but Rayleigh scattering is the primary mechanism responsible for the color."
`;

exports[`streamText > basic 2`] = `
[
  {
    "ai.model.id": "qwen3:0.6b",
    "ai.model.provider": "xsai",
    "ai.operationId": "ai.streamText.doStream",
    "ai.prompt.messages": "[{"content":"Why is the sky blue?","role":"user"}]",
    "ai.response.avgOutputTokensPerSecond": 108.44371889767521,
    "ai.response.finishReason": "stop",
    "ai.response.id": "f13ef54a-9b6b-491f-bd7d-cf066bbd9377",
    "ai.response.model": "qwen3:0.6b",
    "ai.response.msToFinish": 3236.701983000001,
    "ai.response.msToFirstChunk": 1398.3784780000005,
    "ai.response.providerMetadata": "{}",
    "ai.response.text": "<think> Okay, so the user is asking, "Why is the s",
    "ai.response.timestamp": "2025-09-04T06:37:22.432Z",
    "ai.telemetry.metadata.agentId": "weather-assistant",
    "ai.telemetry.metadata.instructions": "You are a helpful weather assistant",
    "ai.usage.inputTokens": 14,
    "ai.usage.outputTokens": 351,
    "ai.usage.totalTokens": 365,
    "gen_ai.request.model": "qwen3:0.6b",
    "gen_ai.response.finish_reasons": [
      "stop",
    ],
    "gen_ai.response.id": "40fcf333-2ded-4c3e-abad-c24553fd3fb0",
    "gen_ai.response.model": "qwen3:0.6b",
    "gen_ai.system": "xsai",
    "gen_ai.usage.input_tokens": 14,
    "gen_ai.usage.output_tokens": 351,
    "operation.name": "ai.streamText.doStream",
  },
]
`;

exports[`streamText > basic/ai 1`] = `
"The sky is blue because of the way light interacts with the atmosphere. Here's a simplified explanation:

1. **Water molecules in the air**: When sunlight passes through the air, it interacts with water vapor, scattering shorter wavelengths (like blue light) and leaving longer wavelengths (like red) to pass through. This scattering causes the sky to appear blue.

2. **The Rayleigh scattering formula**: The blue light is scattered more than red light by the atmosphere, making the sky appear blue.

3. **Other factors**: The color of the sky is also influenced by the temperature, humidity, and the presence of other gases like nitrogen and oxygen.

So, in short: **The sky is blue because of Rayleigh scattering of the sunlight**."
`;

exports[`streamText > basic/ai 2`] = `
[
  {
    "ai.model.id": "qwen3:0.6b",
    "ai.model.provider": "ollama.responses",
    "ai.operationId": "ai.streamText.doStream",
    "ai.prompt.messages": "[{"role":"user","content":[{"type":"text","text":"Why is the sky blue?"}]}]",
    "ai.response.avgOutputTokensPerSecond": 36.56198914774592,
    "ai.response.finishReason": "stop",
    "ai.response.id": "aitxt-pMxLjb1xhWegBJAVqupEcrur",
    "ai.response.model": "qwen3:0.6b",
    "ai.response.msToFinish": 4129.972234000001,
    "ai.response.msToFirstChunk": 3401.626821,
    "ai.response.providerMetadata": "{"ollama":{"responseId":null}}",
    "ai.response.text": "The sky is blue because of the way light interacts",
    "ai.response.timestamp": "2025-09-04T06:37:29.079Z",
    "ai.settings.maxRetries": 2,
    "ai.settings.seed": 114514,
    "ai.telemetry.metadata.agentId": "weather-assistant",
    "ai.telemetry.metadata.instructions": "You are a helpful weather assistant",
    "ai.usage.inputTokens": 22,
    "ai.usage.outputTokens": 151,
    "ai.usage.totalTokens": 173,
    "gen_ai.request.model": "qwen3:0.6b",
    "gen_ai.response.finish_reasons": [
      "stop",
    ],
    "gen_ai.response.id": "aitxt-pMxLjb1xhWegBJAVqupEcrur",
    "gen_ai.response.model": "qwen3:0.6b",
    "gen_ai.system": "ollama.responses",
    "gen_ai.usage.input_tokens": 22,
    "gen_ai.usage.output_tokens": 151,
    "operation.name": "ai.streamText.doStream",
  },
  {
    "ai.model.id": "qwen3:0.6b",
    "ai.model.provider": "ollama.responses",
    "ai.operationId": "ai.streamText",
    "ai.prompt": "{"prompt":"Why is the sky blue?"}",
    "ai.response.finishReason": "stop",
    "ai.response.providerMetadata": "{"ollama":{"responseId":null}}",
    "ai.response.text": "The sky is blue because of the way light interacts",
    "ai.settings.maxRetries": 2,
    "ai.settings.seed": 114514,
    "ai.telemetry.metadata.agentId": "weather-assistant",
    "ai.telemetry.metadata.instructions": "You are a helpful weather assistant",
    "ai.usage.inputTokens": 22,
    "ai.usage.outputTokens": 151,
    "ai.usage.totalTokens": 173,
    "operation.name": "ai.streamText",
  },
]
`;
